<html>
<body>
<pre>
<h1>µVision Build Log</h1>
<h2>Project:</h2>
C:\Users\umred\OneDrive\Desktop\Embded_c\password_project\Passord_check.uvproj
Project File Date:  06/14/2024

<h2>Output:</h2>
Rebuild target 'Target 1'
assembling Startup.s...
compiling Passwordmain.c...
compiling lcd.c...
compiling delay.c...
compiling kpm.c...
linking...
Program Size: Code=4852 RO-data=32 RW-data=20 ZI-data=1260  
FromELF: creating hex file...
".\Passord_check.axf" - 0 Error(s), 0 Warning(s).
