<html>
<body>
<pre>
<h1>µVision Build Log</h1>
<h2>Project:</h2>
C:\Users\umred\OneDrive\Desktop\Embded_c\password_project\project.uvproj
Project File Date:  06/03/2024

<h2>Output:</h2>
Rebuild target 'Target 1'
assembling Startup.s...
compiling door34.c...
linking...
Program Size: Code=2592 RO-data=32 RW-data=28 ZI-data=1260  
FromELF: creating hex file...
".\project_lockDoor3.axf" - 0 Error(s), 0 Warning(s).
</pre>
</body>
</html>
mELF: creating hex file...
".\project_lockDoor3.axf" - 0 Error(s), 1 Warning(s).
ing, 1 error
".\project_lockDoor3.axf" - 1 Error(s), 1 Warning(s).
Target not created
